python : 252 INFO: PyInstaller: 6.20.0, contrib hooks: 2026.4
所在位置 行:1 字符: 30
+ ... 锈钢网带跟单3.0"; python -m PyInstaller --clean --noconfirm "v3.1_build.spe ...
+                 ~~~~~~~~~~~~~~~~~~~~~~~~~~~~~~~~~~~~~~~~~~~~~~~~~~~~~~~~~
    + CategoryInfo          : NotSpecified: (252 INFO: PyIns...b hooks: 2026.4 
   :String) [], RemoteException
    + FullyQualifiedErrorId : NativeCommandError
 
252 INFO: Python: 3.14.3
291 INFO: Platform: Windows-11-10.0.22631-SP0
291 INFO: Python environment: C:\Users\lenovo\AppData\Local\Python\pythoncore-3
.14-64
294 INFO: Removing temporary files and cleaning cache in C:\Users\lenovo\AppDat
a\Local\pyinstaller
v3.1_build.spec:235: SyntaxWarning: "\y" is an invalid escape sequence. Such se
quences will not work in the future. Did you mean "\\y"? A raw string is also a
n option.
  ('D:\yuan\不锈钢网带跟单3.0/views/dashboard/templates', 'views/dashboard/templates')
,
v3.1_build.spec:236: SyntaxWarning: "\y" is an invalid escape sequence. Such se
quences will not work in the future. Did you mean "\\y"? A raw string is also a
n option.
  ('D:\yuan\不锈钢网带跟单3.0/visualization_app', 'visualization_app'),
v3.1_build.spec:237: SyntaxWarning: "\y" is an invalid escape sequence. Such se
quences will not work in the future. Did you mean "\\y"? A raw string is also a
n option.
  ('D:\yuan\不锈钢网带跟单3.0/data', 'data'),
347 INFO: Module search paths (PYTHONPATH):
['D:\\yuan\\不锈钢网带跟单3.0',
 'C:\\Users\\lenovo\\AppData\\Local\\Python\\pythoncore-3.14-64\\python314.zip'
,
 'C:\\Users\\lenovo\\AppData\\Local\\Python\\pythoncore-3.14-64\\DLLs',
 'C:\\Users\\lenovo\\AppData\\Local\\Python\\pythoncore-3.14-64\\Lib',
 'C:\\Users\\lenovo\\AppData\\Local\\Python\\pythoncore-3.14-64',
 'C:\\Users\\lenovo\\AppData\\Roaming\\Python\\Python314\\site-packages',
 'C:\\Users\\lenovo\\AppData\\Local\\Python\\pythoncore-3.14-64\\Lib\\site-pack
ages',
 'C:\\Users\\lenovo\\AppData\\Local\\Python\\pythoncore-3.14-64\\Lib\\site-pack
ages\\win32',
 'C:\\Users\\lenovo\\AppData\\Local\\Python\\pythoncore-3.14-64\\Lib\\site-pack
ages\\win32\\lib',
 'C:\\Users\\lenovo\\AppData\\Local\\Python\\pythoncore-3.14-64\\Lib\\site-pack
ages\\Pythonwin',
 'D:\\yuan\\不锈钢网带跟单3.0',
 'D:\\yuan\\不锈钢网带跟单3.0\\mobile_api_ai']
1113 INFO: Appending 'datas' from .spec
1125 INFO: checking Analysis
1125 INFO: Building Analysis because Analysis-00.toc is non existent
1125 INFO: Looking for Python shared library...
1125 INFO: Using Python shared library: C:\Users\lenovo\AppData\Local\Python\py
thoncore-3.14-64\python314.dll
1125 INFO: Running Analysis Analysis-00.toc
1125 INFO: Target bytecode optimization level: 0
1126 INFO: Initializing module dependency graph...
1128 INFO: Initializing module graph hook caches...
1149 INFO: Analyzing modules for base_library.zip ...
2994 INFO: Processing standard module hook 'hook-heapq.py' from 'C:\\Users\\len
ovo\\AppData\\Local\\Python\\pythoncore-3.14-64\\Lib\\site-packages\\PyInstalle
r\\hooks'
3278 INFO: Processing standard module hook 'hook-encodings.py' from 'C:\\Users\
\lenovo\\AppData\\Local\\Python\\pythoncore-3.14-64\\Lib\\site-packages\\PyInst
aller\\hooks'
5102 INFO: Processing standard module hook 'hook-difflib.py' from 'C:\\Users\\l
enovo\\AppData\\Local\\Python\\pythoncore-3.14-64\\Lib\\site-packages\\PyInstal
ler\\hooks'
5189 INFO: Processing standard module hook 'hook-pickle.py' from 'C:\\Users\\le
novo\\AppData\\Local\\Python\\pythoncore-3.14-64\\Lib\\site-packages\\PyInstall
er\\hooks'
6480 INFO: Caching module dependency graph...
6533 INFO: Analyzing D:\yuan\不锈钢网带跟单3.0\main.py
6602 INFO: Processing pre-find-module-path hook 'hook-tkinter.py' from 'C:\\Use
rs\\lenovo\\AppData\\Local\\Python\\pythoncore-3.14-64\\Lib\\site-packages\\PyI
nstaller\\hooks\\pre_find_module_path'
6603 INFO: TclTkInfo: initializing cached Tcl/Tk info...
7056 INFO: Processing standard module hook 'hook-_tkinter.py' from 'C:\\Users\\
lenovo\\AppData\\Local\\Python\\pythoncore-3.14-64\\Lib\\site-packages\\PyInsta
ller\\hooks'
7176 INFO: Processing standard module hook 'hook-cryptography.py' from 'C:\\Use
rs\\lenovo\\AppData\\Local\\Python\\pythoncore-3.14-64\\Lib\\site-packages\\_py
installer_hooks_contrib\\stdhooks'
8966 INFO: hook-cryptography: cryptography does not seem to be using dynamicall
y linked OpenSSL.
9390 INFO: Processing standard module hook 'hook-platform.py' from 'C:\\Users\\
lenovo\\AppData\\Local\\Python\\pythoncore-3.14-64\\Lib\\site-packages\\PyInsta
ller\\hooks'
9430 INFO: Processing standard module hook 'hook-sysconfig.py' from 'C:\\Users\
\lenovo\\AppData\\Local\\Python\\pythoncore-3.14-64\\Lib\\site-packages\\PyInst
aller\\hooks'
9439 INFO: Processing standard module hook 'hook-_ctypes.py' from 'C:\\Users\\l
enovo\\AppData\\Local\\Python\\pythoncore-3.14-64\\Lib\\site-packages\\PyInstal
ler\\hooks'
C:\Users\lenovo\AppData\Local\Python\pythoncore-3.14-64\Lib\site-packages\tkcal
endar\calendar_.py:221: SyntaxWarning: "\ " is an invalid escape sequence. Such
 sequences will not work in the future. Did you mean "\\ "? A raw string is als
o an option.
  font = kw.pop("font", "Liberation\ Sans 9")
9666 INFO: Processing standard module hook 'hook-babel.py' from 'C:\\Users\\len
ovo\\AppData\\Local\\Python\\pythoncore-3.14-64\\Lib\\site-packages\\PyInstalle
r\\hooks'
10466 INFO: Processing pre-safe-import-module hook 'hook-typing_extensions.py' 
from 'C:\\Users\\lenovo\\AppData\\Local\\Python\\pythoncore-3.14-64\\Lib\\site-
packages\\PyInstaller\\hooks\\pre_safe_import_module'
10467 INFO: SetuptoolsInfo: initializing cached setuptools info...
11752 INFO: Processing standard module hook 'hook-multiprocessing.util.py' from
 'C:\\Users\\lenovo\\AppData\\Local\\Python\\pythoncore-3.14-64\\Lib\\site-pack
ages\\PyInstaller\\hooks'
11841 INFO: Processing standard module hook 'hook-xml.py' from 'C:\\Users\\leno
vo\\AppData\\Local\\Python\\pythoncore-3.14-64\\Lib\\site-packages\\PyInstaller
\\hooks'
12443 INFO: Processing standard module hook 'hook-zoneinfo.py' from 'C:\\Users\
\lenovo\\AppData\\Local\\Python\\pythoncore-3.14-64\\Lib\\site-packages\\_pyins
taller_hooks_contrib\\stdhooks'
13165 INFO: Processing standard module hook 'hook-urllib3.py' from 'C:\\Users\\
lenovo\\AppData\\Local\\Python\\pythoncore-3.14-64\\Lib\\site-packages\\_pyinst
aller_hooks_contrib\\stdhooks'
13271 INFO: Processing pre-safe-import-module hook 'hook-backports.py' from 'C:
\\Users\\lenovo\\AppData\\Local\\Python\\pythoncore-3.14-64\\Lib\\site-packages
\\PyInstaller\\hooks\\pre_safe_import_module'
13271 INFO: Setuptools: 'backports' appears to be a full setuptools-vendored co
py - creating alias to 'setuptools._vendor.backports'!
13279 INFO: Processing standard module hook 'hook-setuptools.py' from 'C:\\User
s\\lenovo\\AppData\\Local\\Python\\pythoncore-3.14-64\\Lib\\site-packages\\PyIn
staller\\hooks'
13294 INFO: Processing pre-safe-import-module hook 'hook-distutils.py' from 'C:
\\Users\\lenovo\\AppData\\Local\\Python\\pythoncore-3.14-64\\Lib\\site-packages
\\PyInstaller\\hooks\\pre_safe_import_module'
13336 INFO: Processing pre-safe-import-module hook 'hook-jaraco.py' from 'C:\\U
sers\\lenovo\\AppData\\Local\\Python\\pythoncore-3.14-64\\Lib\\site-packages\\P
yInstaller\\hooks\\pre_safe_import_module'
13336 INFO: Setuptools: 'jaraco' appears to be a full setuptools-vendored copy 
- creating alias to 'setuptools._vendor.jaraco'!
13350 INFO: Processing pre-safe-import-module hook 'hook-more_itertools.py' fro
m 'C:\\Users\\lenovo\\AppData\\Local\\Python\\pythoncore-3.14-64\\Lib\\site-pac
kages\\PyInstaller\\hooks\\pre_safe_import_module'
13350 INFO: Setuptools: 'more_itertools' appears to be a setuptools-vendored co
py - creating alias to 'setuptools._vendor.more_itertools'!
13562 INFO: Processing pre-safe-import-module hook 'hook-packaging.py' from 'C:
\\Users\\lenovo\\AppData\\Local\\Python\\pythoncore-3.14-64\\Lib\\site-packages
\\PyInstaller\\hooks\\pre_safe_import_module'
13756 INFO: Processing standard module hook 'hook-setuptools._vendor.jaraco.tex
t.py' from 'C:\\Users\\lenovo\\AppData\\Local\\Python\\pythoncore-3.14-64\\Lib\
\site-packages\\PyInstaller\\hooks'
13757 INFO: Processing pre-safe-import-module hook 'hook-importlib_resources.py
' from 'C:\\Users\\lenovo\\AppData\\Local\\Python\\pythoncore-3.14-64\\Lib\\sit
e-packages\\PyInstaller\\hooks\\pre_safe_import_module'
13908 INFO: Processing pre-safe-import-module hook 'hook-importlib_metadata.py'
 from 'C:\\Users\\lenovo\\AppData\\Local\\Python\\pythoncore-3.14-64\\Lib\\site
-packages\\PyInstaller\\hooks\\pre_safe_import_module'
13909 INFO: Setuptools: 'importlib_metadata' appears to be a setuptools-vendore
d copy - creating alias to 'setuptools._vendor.importlib_metadata'!
13932 INFO: Processing standard module hook 'hook-setuptools._vendor.importlib_
metadata.py' from 'C:\\Users\\lenovo\\AppData\\Local\\Python\\pythoncore-3.14-6
4\\Lib\\site-packages\\PyInstaller\\hooks'
13958 INFO: Processing pre-safe-import-module hook 'hook-zipp.py' from 'C:\\Use
rs\\lenovo\\AppData\\Local\\Python\\pythoncore-3.14-64\\Lib\\site-packages\\PyI
nstaller\\hooks\\pre_safe_import_module'
13958 INFO: Setuptools: 'zipp' appears to be a setuptools-vendored copy - creat
ing alias to 'setuptools._vendor.zipp'!
14181 INFO: Processing pre-safe-import-module hook 'hook-tomli.py' from 'C:\\Us
ers\\lenovo\\AppData\\Local\\Python\\pythoncore-3.14-64\\Lib\\site-packages\\Py
Installer\\hooks\\pre_safe_import_module'
14181 INFO: Setuptools: 'tomli' appears to be a setuptools-vendored copy - crea
ting alias to 'setuptools._vendor.tomli'!
14814 INFO: Processing pre-safe-import-module hook 'hook-wheel.py' from 'C:\\Us
ers\\lenovo\\AppData\\Local\\Python\\pythoncore-3.14-64\\Lib\\site-packages\\Py
Installer\\hooks\\pre_safe_import_module'
14815 INFO: Setuptools: 'wheel' appears to be a setuptools-vendored copy - crea
ting alias to 'setuptools._vendor.wheel'!
15356 INFO: Processing standard module hook 'hook-charset_normalizer.py' from '
C:\\Users\\lenovo\\AppData\\Local\\Python\\pythoncore-3.14-64\\Lib\\site-packag
es\\_pyinstaller_hooks_contrib\\stdhooks'
15734 INFO: Processing standard module hook 'hook-certifi.py' from 'C:\\Users\\
lenovo\\AppData\\Local\\Python\\pythoncore-3.14-64\\Lib\\site-packages\\_pyinst
aller_hooks_contrib\\stdhooks'
15899 INFO: Processing standard module hook 'hook-openpyxl.py' from 'C:\\Users\
\lenovo\\AppData\\Local\\Python\\pythoncore-3.14-64\\Lib\\site-packages\\_pyins
taller_hooks_contrib\\stdhooks'
16268 INFO: Processing standard module hook 'hook-numpy.py' from 'C:\\Users\\le
novo\\AppData\\Local\\Python\\pythoncore-3.14-64\\Lib\\site-packages\\PyInstall
er\\hooks'
17039 INFO: Processing standard module hook 'hook-psutil.py' from 'C:\\Users\\l
enovo\\AppData\\Local\\Python\\pythoncore-3.14-64\\Lib\\site-packages\\_pyinsta
ller_hooks_contrib\\stdhooks'
18070 INFO: Processing standard module hook 'hook-lxml.py' from 'C:\\Users\\len
ovo\\AppData\\Local\\Python\\pythoncore-3.14-64\\Lib\\site-packages\\_pyinstall
er_hooks_contrib\\stdhooks'
18642 INFO: Processing standard module hook 'hook-lxml.etree.py' from 'C:\\User
s\\lenovo\\AppData\\Local\\Python\\pythoncore-3.14-64\\Lib\\site-packages\\_pyi
nstaller_hooks_contrib\\stdhooks'
18790 INFO: Processing standard module hook 'hook-xml.etree.cElementTree.py' fr
om 'C:\\Users\\lenovo\\AppData\\Local\\Python\\pythoncore-3.14-64\\Lib\\site-pa
ckages\\PyInstaller\\hooks'
19161 INFO: Processing standard module hook 'hook-PIL.py' from 'C:\\Users\\leno
vo\\AppData\\Local\\Python\\pythoncore-3.14-64\\Lib\\site-packages\\PyInstaller
\\hooks'
19258 INFO: Processing standard module hook 'hook-PIL.Image.py' from 'C:\\Users
\\lenovo\\AppData\\Local\\Python\\pythoncore-3.14-64\\Lib\\site-packages\\PyIns
taller\\hooks'
19941 INFO: Processing standard module hook 'hook-PIL.ImageFilter.py' from 'C:\
\Users\\lenovo\\AppData\\Local\\Python\\pythoncore-3.14-64\\Lib\\site-packages\
\PyInstaller\\hooks'
20643 INFO: Analyzing hidden import 'pymysql.optional_functions'
20644 ERROR: Hidden import 'pymysql.optional_functions' not found
20644 INFO: Analyzing hidden import 'tkinter.tix'
20644 ERROR: Hidden import 'tkinter.tix' not found
20644 INFO: Analyzing hidden import 'logging.handlers'
20935 INFO: Analyzing hidden import 'logging.config'
20963 INFO: Analyzing hidden import 'html.parser'
20990 INFO: Analyzing hidden import 'PIL.ImageTk'
20997 INFO: Analyzing hidden import 'PIL.ImageFont'
21016 INFO: Analyzing hidden import 'PIL.ImageDraw'
21055 INFO: Analyzing hidden import 'cv2'
21063 INFO: Processing standard module hook 'hook-cv2.py' from 'C:\\Users\\leno
vo\\AppData\\Local\\Python\\pythoncore-3.14-64\\Lib\\site-packages\\_pyinstalle
r_hooks_contrib\\stdhooks'
21919 INFO: Analyzing hidden import 'cv2.cv2'
21920 INFO: Analyzing hidden import 'numpy.ndarray'
21920 ERROR: Hidden import 'numpy.ndarray' not found
21920 INFO: Analyzing hidden import 'pandas'
21926 INFO: Processing standard module hook 'hook-pandas.py' from 'C:\\Users\\l
enovo\\AppData\\Local\\Python\\pythoncore-3.14-64\\Lib\\site-packages\\PyInstal
ler\\hooks'
25650 INFO: Processing standard module hook 'hook-pandas.io.formats.style.py' f
rom 'C:\\Users\\lenovo\\AppData\\Local\\Python\\pythoncore-3.14-64\\Lib\\site-p
ackages\\PyInstaller\\hooks'
27621 INFO: Processing standard module hook 'hook-pyarrow.py' from 'C:\\Users\\
lenovo\\AppData\\Local\\Python\\pythoncore-3.14-64\\Lib\\site-packages\\_pyinst
aller_hooks_contrib\\stdhooks'
30272 INFO: Processing standard module hook 'hook-pandas.plotting.py' from 'C:\
\Users\\lenovo\\AppData\\Local\\Python\\pythoncore-3.14-64\\Lib\\site-packages\
\PyInstaller\\hooks'
30889 INFO: Processing standard module hook 'hook-dateutil.py' from 'C:\\Users\
\lenovo\\AppData\\Local\\Python\\pythoncore-3.14-64\\Lib\\site-packages\\_pyins
taller_hooks_contrib\\stdhooks'
31041 INFO: Processing pre-safe-import-module hook 'hook-six.moves.py' from 'C:
\\Users\\lenovo\\AppData\\Local\\Python\\pythoncore-3.14-64\\Lib\\site-packages
\\PyInstaller\\hooks\\pre_safe_import_module'
32461 INFO: Processing standard module hook 'hook-sqlalchemy.py' from 'C:\\User
s\\lenovo\\AppData\\Local\\Python\\pythoncore-3.14-64\\Lib\\site-packages\\PyIn
staller\\hooks'
36001 INFO: Processing standard module hook 'hook-sqlite3.py' from 'C:\\Users\\
lenovo\\AppData\\Local\\Python\\pythoncore-3.14-64\\Lib\\site-packages\\PyInsta
ller\\hooks'
36481 INFO: Processing standard module hook 'hook-pandas.io.clipboard.py' from 
'C:\\Users\\lenovo\\AppData\\Local\\Python\\pythoncore-3.14-64\\Lib\\site-packa
ges\\PyInstaller\\hooks'
36668 INFO: Processing standard module hook 'hook-xml.dom.domreg.py' from 'C:\\
Users\\lenovo\\AppData\\Local\\Python\\pythoncore-3.14-64\\Lib\\site-packages\\
PyInstaller\\hooks'
37017 INFO: Processing standard module hook 'hook-pytest.py' from 'C:\\Users\\l
enovo\\AppData\\Local\\Python\\pythoncore-3.14-64\\Lib\\site-packages\\_pyinsta
ller_hooks_contrib\\stdhooks'
37285 INFO: Processing standard module hook 'hook-pygments.py' from 'C:\\Users\
\lenovo\\AppData\\Local\\Python\\pythoncore-3.14-64\\Lib\\site-packages\\PyInst
aller\\hooks'
39175 INFO: Processing standard module hook 'hook-py.py' from 'C:\\Users\\lenov
o\\AppData\\Local\\Python\\pythoncore-3.14-64\\Lib\\site-packages\\_pyinstaller
_hooks_contrib\\stdhooks'
40810 INFO: Analyzing hidden import 'flask'
41964 INFO: Processing standard module hook 'hook-jinja2.py' from 'C:\\Users\\l
enovo\\AppData\\Local\\Python\\pythoncore-3.14-64\\Lib\\site-packages\\_pyinsta
ller_hooks_contrib\\stdhooks'
42510 INFO: Analyzing hidden import 'matplotlib.figure'
42510 ERROR: Hidden import 'matplotlib.figure' not found
42510 INFO: Analyzing hidden import 'matplotlib.backends'
42510 ERROR: Hidden import 'matplotlib.backends' not found
42510 INFO: Analyzing hidden import 'matplotlib.backends.backend_tkagg'
42510 ERROR: Hidden import 'matplotlib.backends.backend_tkagg' not found
42510 INFO: Analyzing hidden import 'matplotlib.backends.backend_agg'
42510 ERROR: Hidden import 'matplotlib.backends.backend_agg' not found
42510 INFO: Analyzing hidden import 'fpdf'
42515 ERROR: Hidden import 'fpdf' not found
42515 INFO: Analyzing hidden import 'fpdf.fpdf'
42519 ERROR: Hidden import 'fpdf.fpdf' not found
42519 INFO: Analyzing hidden import 'PIL.TgaImagePlugin'
42526 INFO: Analyzing hidden import 'security.fingerprint_unlock_gui'
42567 INFO: Analyzing hidden import 'utils.app_init'
42587 INFO: Analyzing hidden import 'utils.backup_manager'
42593 INFO: Analyzing hidden import 'desktop_container_integration'
44246 INFO: Processing standard module hook 'hook-pydantic.py' from 'C:\\Users\
\lenovo\\AppData\\Local\\Python\\pythoncore-3.14-64\\Lib\\site-packages\\_pyins
taller_hooks_contrib\\stdhooks'
C:\Users\lenovo\AppData\Local\Python\pythoncore-3.14-64\Lib\site-packages\PyIns
taller\utils\hooks\__init__.py:665: UserWarning: Core Pydantic V1 functionality
 isn't compatible with Python 3.14 or greater.
  __import__(name)
45562 INFO: Processing standard module hook 'hook-anyio.py' from 'C:\\Users\\le
novo\\AppData\\Local\\Python\\pythoncore-3.14-64\\Lib\\site-packages\\_pyinstal
ler_hooks_contrib\\stdhooks'
47079 INFO: Processing standard module hook 'hook-dns.rdata.py' from 'C:\\Users
\\lenovo\\AppData\\Local\\Python\\pythoncore-3.14-64\\Lib\\site-packages\\_pyin
staller_hooks_contrib\\stdhooks'
48133 INFO: Processing standard module hook 'hook-pythoncom.py' from 'C:\\Users
\\lenovo\\AppData\\Local\\Python\\pythoncore-3.14-64\\Lib\\site-packages\\_pyin
staller_hooks_contrib\\stdhooks'
48331 INFO: Processing standard module hook 'hook-pywintypes.py' from 'C:\\User
s\\lenovo\\AppData\\Local\\Python\\pythoncore-3.14-64\\Lib\\site-packages\\_pyi
nstaller_hooks_contrib\\stdhooks'
53023 INFO: Analyzing hidden import 'process_tracker'
53036 INFO: Analyzing hidden import 'material_publish_service'
53058 INFO: Processing module hooks (post-graph stage)...
53528 INFO: Processing standard module hook 'hook-lxml.isoschematron.py' from '
C:\\Users\\lenovo\\AppData\\Local\\Python\\pythoncore-3.14-64\\Lib\\site-packag
es\\_pyinstaller_hooks_contrib\\stdhooks'
53652 INFO: Processing standard module hook 'hook-pycparser.py' from 'C:\\Users
\\lenovo\\AppData\\Local\\Python\\pythoncore-3.14-64\\Lib\\site-packages\\_pyin
staller_hooks_contrib\\stdhooks'
54200 WARNING: Hidden import "pycparser.lextab" not found!
54200 WARNING: Hidden import "pycparser.yacctab" not found!
54715 INFO: Processing standard module hook 'hook-PIL.SpiderImagePlugin.py' fro
m 'C:\\Users\\lenovo\\AppData\\Local\\Python\\pythoncore-3.14-64\\Lib\\site-pac
kages\\PyInstaller\\hooks'
56401 INFO: Processing standard module hook 'hook-sqlalchemy.py' from 'C:\\User
s\\lenovo\\AppData\\Local\\Python\\pythoncore-3.14-64\\Lib\\site-packages\\PyIn
staller\\hooks'
57015 WARNING: Hidden import "pysqlite2" not found!
57017 WARNING: Hidden import "MySQLdb" not found!
57020 WARNING: Hidden import "psycopg2" not found!
58170 INFO: Processing standard module hook 'hook-_tkinter.py' from 'C:\\Users\
\lenovo\\AppData\\Local\\Python\\pythoncore-3.14-64\\Lib\\site-packages\\PyInst
aller\\hooks'
58171 INFO: Processing standard module hook 'hook-lxml.objectify.py' from 'C:\\
Users\\lenovo\\AppData\\Local\\Python\\pythoncore-3.14-64\\Lib\\site-packages\\
_pyinstaller_hooks_contrib\\stdhooks'
58172 INFO: Processing standard module hook 'hook-tzdata.py' from 'C:\\Users\\l
enovo\\AppData\\Local\\Python\\pythoncore-3.14-64\\Lib\\site-packages\\_pyinsta
ller_hooks_contrib\\stdhooks'
59409 INFO: Performing binary vs. data reclassification (3314 entries)
60361 INFO: Looking for ctypes DLLs
60507 INFO: Analyzing run-time hooks ...
60514 INFO: Including run-time hook 'pyi_rth_cryptography_openssl.py' from 'C:\
\Users\\lenovo\\AppData\\Local\\Python\\pythoncore-3.14-64\\Lib\\site-packages\
\_pyinstaller_hooks_contrib\\rthooks'
60515 INFO: Including run-time hook 'pyi_rth_inspect.py' from 'C:\\Users\\lenov
o\\AppData\\Local\\Python\\pythoncore-3.14-64\\Lib\\site-packages\\PyInstaller\
\hooks\\rthooks'
60517 INFO: Including run-time hook 'pyi_rth_pkgutil.py' from 'C:\\Users\\lenov
o\\AppData\\Local\\Python\\pythoncore-3.14-64\\Lib\\site-packages\\PyInstaller\
\hooks\\rthooks'
60522 INFO: Including run-time hook 'pyi_rth_setuptools.py' from 'C:\\Users\\le
novo\\AppData\\Local\\Python\\pythoncore-3.14-64\\Lib\\site-packages\\PyInstall
er\\hooks\\rthooks'
60523 INFO: Including run-time hook 'pyi_rth_pythoncom.py' from 'C:\\Users\\len
ovo\\AppData\\Local\\Python\\pythoncore-3.14-64\\Lib\\site-packages\\_pyinstall
er_hooks_contrib\\rthooks'
60524 INFO: Including run-time hook 'pyi_rth_pywintypes.py' from 'C:\\Users\\le
novo\\AppData\\Local\\Python\\pythoncore-3.14-64\\Lib\\site-packages\\_pyinstal
ler_hooks_contrib\\rthooks'
60525 INFO: Including run-time hook 'pyi_rth_multiprocessing.py' from 'C:\\User
s\\lenovo\\AppData\\Local\\Python\\pythoncore-3.14-64\\Lib\\site-packages\\PyIn
staller\\hooks\\rthooks'
60527 INFO: Including run-time hook 'pyi_rth__tkinter.py' from 'C:\\Users\\leno
vo\\AppData\\Local\\Python\\pythoncore-3.14-64\\Lib\\site-packages\\PyInstaller
\\hooks\\rthooks'
60590 INFO: Creating base_library.zip...
60604 INFO: Looking for dynamic libraries
C:\Users\lenovo\AppData\Local\Python\pythoncore-3.14-64\Lib\site-packages\PyIns
taller\building\build_main.py:227: UserWarning: Core Pydantic V1 functionality 
isn't compatible with Python 3.14 or greater.
  __import__(package)
鐜鍙橀噺 INVENTORY_API_KEY 鏈缃紝璇锋鏌ラ厤缃?
[DEPRECATED] integration/wechat_notifier.py 宸插純鐢紝璇疯縼绉诲埌 services/notifier.py
[DEPRECATED] WeChatNotifier(integration) 宸插純鐢紝璇蜂娇鐢?services.notifier.WeChatNot
ifier
64076 INFO: Extra DLL search directories (AddDllDirectory): ['C:\\Users\\lenovo
\\AppData\\Local\\Python\\pythoncore-3.14-64\\Lib\\site-packages\\pyarrow.libs'
, 'C:\\Users\\lenovo\\AppData\\Local\\Python\\pythoncore-3.14-64\\Lib\\site-pac
kages\\numpy.libs', 'C:\\Users\\lenovo\\AppData\\Local\\Python\\pythoncore-3.14
-64\\Lib\\site-packages\\pandas.libs', 'C:\\Users\\lenovo\\AppData\\Local\\Pyth
on\\pythoncore-3.14-64\\Lib\\site-packages\\cv2\\../../x64/vc17/bin']
64076 INFO: Extra DLL search directories (PATH): ['C:\\Users\\lenovo\\AppData\\
Local\\Python\\pythoncore-3.14-64\\Lib\\site-packages\\cv2\\../../x64/vc17/bin'
]
70674 INFO: Warnings written to D:\yuan\不锈钢网带跟单3.0\build\v3.1_build\warn-v3.1_b
uild.txt
70828 INFO: Graph cross-reference written to D:\yuan\不锈钢网带跟单3.0\build\v3.1_buil
d\xref-v3.1_build.html
70914 INFO: checking PYZ
70937 INFO: Building because toc changed
70937 INFO: Building PYZ (ZlibArchive) D:\yuan\不锈钢网带跟单3.0\build\v3.1_build\PYZ-
00.pyz
72115 INFO: Building PYZ (ZlibArchive) D:\yuan\不锈钢网带跟单3.0\build\v3.1_build\PYZ-
00.pyz completed successfully.
72176 INFO: checking PKG
72202 INFO: Building because toc changed
72202 INFO: Building PKG (CArchive) 不锈钢网带跟单系统v3.1.pkg
86163 INFO: Building PKG (CArchive) 不锈钢网带跟单系统v3.1.pkg completed successfully.
86203 INFO: Bootloader C:\Users\lenovo\AppData\Local\Python\pythoncore-3.14-64\
Lib\site-packages\PyInstaller\bootloader\Windows-64bit-intel\runw.exe
86203 INFO: checking EXE
86229 INFO: Building because toc changed
86229 INFO: Building EXE from EXE-00.toc
86254 INFO: Copying bootloader EXE to D:\yuan\不锈钢网带跟单3.0\dist\不锈钢网带跟单系统v3.1.exe
86262 INFO: Copying icon to EXE
86268 INFO: Copying 0 resources to EXE
86268 INFO: Embedding manifest in EXE
86272 INFO: Appending PKG archive to EXE
86366 INFO: Fixing EXE headers
86851 INFO: Building EXE from EXE-00.toc completed successfully.
86893 INFO: Build complete! The results are available in: D:\yuan\不锈钢网带跟单3.0\di
st
