============================= test session starts =============================
platform win32 -- Python 3.14.3, pytest-9.0.3, pluggy-1.6.0
rootdir: D:\yuan\不锈钢网带跟单3.0
configfile: pytest.ini (WARNING: ignoring pytest config in pyproject.toml!)
plugins: anyio-4.12.1, cov-7.1.0, mock-3.15.1
collected 3233 items

tests\e2e\test_flows.py ....                                             [  0%]
tests\integration\test_schedule_publish.py ...............               [  0%]
tests\integration\test_template_api.py .......                           [  0%]
tests\modular\test_auto_publish.py ........                              [  1%]
tests\modular\test_container_listener.py ..                              [  1%]
tests\modular\test_desktop_container.py ...                              [  1%]
tests\modular\test_manual_publish_service.py .........                   [  1%]
tests\modular\test_modular_config.py ...........                         [  1%]
tests\modular\test_process_tracker.py ...........                        [  2%]
tests\modular\test_publish_mode_manager.py ...........                   [  2%]
tests\modular\test_task_recall_service.py ...........                    [  2%]
tests\test_auto_advance.py .......                                       [  3%]
tests\test_business_correctness.py ....s..                               [  3%]
tests\test_container_center_api.py ........                              [  3%]
tests\test_core_utils.py ...........F                                    [  3%]
tests\test_coverage_boost.py ...........                                 [  4%]
tests\test_exception_paths.py .....F..                                   [  4%]
tests\test_smoke_basic.py ....s.....                                     [  4%]
tests\test_step_status_unify.py ........                                 [  5%]
tests\test_v354_concurrent.py ..                                         [  5%]
tests\test_v354_error_recovery.py ...                                    [  5%]
tests\test_v354_perf.py ..                                               [  5%]
tests\unit\core\test_app.py ........F......                              [  5%]
tests\unit\core\test_circuit_breaker.py ..........                       [  6%]
tests\unit\core\test_common_queries.py ...............                   [  6%]
tests\unit\core\test_common_queries_complete.py ..............           [  6%]
tests\unit\core\test_config.py .....                                     [  7%]
tests\unit\core\test_config_domain.py .................................. [  8%]
...................                                                      [  8%]
tests\unit\core\test_constants_and_enums.py .........F....F............  [  9%]
tests\unit\core\test_core_modules.py ...............                     [ 10%]
tests\unit\core\test_coverage_fillers.py ............................    [ 10%]
tests\unit\core\test_db.py ...............................               [ 11%]
tests\unit\core\test_db_complete.py ...............................      [ 12%]
tests\unit\core\test_error_codes.py ..........................           [ 13%]
tests\unit\core\test_error_codes_complete.py ........................... [ 14%]
....                                                                     [ 14%]
tests\unit\core\test_error_handler.py ............................       [ 15%]
tests\unit\core\test_error_handler_complete.py ......................... [ 16%]
........                                                                 [ 16%]
tests\unit\core\test_event_bus.py ....................                   [ 17%]
tests\unit\core\test_event_bus_factory.py .....                          [ 17%]
tests\unit\core\test_event_store.py ...............                      [ 17%]
tests\unit\core\test_events.py .....................                     [ 18%]
tests\unit\core\test_exceptions.py .......................               [ 19%]
tests\unit\core\test_feature_flags.py .....                              [ 19%]
tests\unit\core\test_final_gaps.py .......                               [ 19%]
tests\unit\core\test_gap_fillers.py .........                            [ 19%]
tests\unit\core\test_json_safe.py .......                                [ 19%]
tests\unit\core\test_logger.py ......................                    [ 20%]
tests\unit\core\test_metrics.py ..........                               [ 20%]
tests\unit\core\test_process_code.py ................................... [ 21%]
.....                                                                    [ 22%]
tests\unit\core\test_process_code_custom.py ............................ [ 23%]
..                                                                       [ 23%]
tests\unit\core\test_process_code_integration.py .................       [ 23%]
tests\unit\core\test_process_code_mysql.py sssssssssss                   [ 23%]
tests\unit\core\test_process_code_order.py .......................       [ 24%]
tests\unit\core\test_push_50.py ............................             [ 25%]
tests\unit\core\test_push_to_30.py ................                      [ 26%]
tests\unit\core\test_redis_event_bus.py ............                     [ 26%]
tests\unit\core\test_register_process_persistence.py ...........         [ 26%]
tests\unit\core\test_register_process_ssot.py ..................         [ 27%]
tests\unit\core\test_rule_engine.py ..........                           [ 27%]
tests\unit\core\test_saga.py ........                                    [ 27%]
tests\unit\core\test_sprint30.py .............                           [ 28%]
tests\unit\models\database\test_config.py ....                           [ 28%]
tests\unit\models\database\test_connection_pool.py sssssssssssssssssssss [ 29%]
sssssssssssssssssssss                                                    [ 29%]
tests\unit\models\database\test_utils_db.py ..............               [ 30%]
tests\unit\models\test_alert.py ....................                     [ 30%]
tests\unit\models\test_base_dao.py ..................................... [ 31%]
..                                                                       [ 31%]
tests\unit\models\test_base_dao_complete.py ............................ [ 32%]
.                                                                        [ 32%]
tests\unit\models\test_bom.py .......................                    [ 33%]
tests\unit\models\test_bulk_models.py ..........................         [ 34%]
tests\unit\models\test_dao_methods.py ..................                 [ 34%]
tests\unit\models\test_dao_more.py ............                          [ 35%]
tests\unit\models\test_enums_and_hasher.py ............................. [ 36%]
.............................                                            [ 37%]
tests\unit\models\test_final_sprint.py ............                      [ 37%]
tests\unit\models\test_inventory.py ...............                      [ 37%]
tests\unit\models\test_inventory_dao_complete.py ............            [ 38%]
tests\unit\models\test_inventory_depth.py .............................. [ 39%]
.......                                                                  [ 39%]
tests\unit\models\test_material_rules.py .................               [ 39%]
tests\unit\models\test_material_rules_complete.py ............           [ 40%]
tests\unit\models\test_material_rules_template.py .....................  [ 40%]
tests\unit\models\test_operation_log.py ............................     [ 41%]
tests\unit\models\test_operation_log_quick.py ......                     [ 42%]
tests\unit\models\test_operator.py ..................                    [ 42%]
tests\unit\models\test_operator_depth.py ...........                     [ 42%]
tests\unit\models\test_order_complete.py .....................sss        [ 43%]
tests\unit\models\test_order_crud_gaps.py .FFFFFF....................... [ 44%]
............                                                             [ 44%]
tests\unit\models\test_order_dao.py ......FFFFFFFFF.FFFFFFFFFFFFFFFFFFFF [ 46%]
FFFFFFFFFFFFFFFFFF.F.F                                                   [ 46%]
tests\unit\models\test_order_dao_complete.py ......................      [ 47%]
tests\unit\models\test_order_final_gaps.py .....                         [ 47%]
tests\unit\models\test_order_gaps.py ................................... [ 48%]
..............                                                           [ 49%]
tests\unit\models\test_order_log.py FFFFFFFFFFFFFF..                     [ 49%]
tests\unit\models\test_photo_storage.py .....................            [ 50%]
tests\unit\models\test_process.py ................                       [ 50%]
tests\unit\models\test_process_calc_rule.py ............................ [ 51%]
........                                                                 [ 51%]
tests\unit\models\test_process_dao_complete.py ......................... [ 52%]
                                                                         [ 52%]
tests\unit\models\test_process_depth.py ...............                  [ 53%]
tests\unit\models\test_product_flow_map.py .....                         [ 53%]
tests\unit\models\test_product_type_complete.py ...............          [ 53%]
tests\unit\models\test_production.py ......................              [ 54%]
tests\unit\models\test_production_stats.py .....
